main.c:95:6:HAL_GPIO_EXTI_Callback	16	static
main.c:110:5:abs	16	static
main.c:117:6:analiza_czujnikow	24	static
main.c:151:5:analiza_polozenia	32	static
main.c:221:5:PD	24	static
main.c:228:6:HAL_TIM_PeriodElapsedCallback	16	static
main.c:244:6:PWM	16	static
main.c:287:5:main	8	static
main.c:387:6:SystemClock_Config	128	static
main.c:435:13:MX_ADC_Init	16	static
main.c:545:13:MX_TIM2_Init	48	static
main.c:608:13:MX_TIM6_Init	16	static
main.c:646:13:MX_TIM21_Init	48	static
main.c:704:13:MX_USART1_UART_Init	8	static
main.c:737:13:MX_DMA_Init	16	static
main.c:754:13:MX_GPIO_Init	48	static
main.c:803:6:Error_Handler	8	static
main.c:819:6:assert_failed	16	static
